     1 00000000                                 ; naskfunc
     2 00000000                                 
     3 00000000                                 [FORMAT "WCOFF"]
     4 00000000                                 [BITS 32] 
     5 00000000                                 [FILE "naskfunc.nas"] 
     6 00000000                                     GLOBAL  _io_hlt 
     7 00000000                                     GLOBAL  _write_mem8
     8                                          [SECTION .text] 
     9 00000000                                 _io_hlt: 
    10 00000000 F4                                  HLT
    11 00000001 C3                                  RET
    12 00000002                                 
    13 00000002                                 _write_mem8:
    14 00000002                                     MOV   ECX,[ESP+4]
      >> [ERROR #004] data type error.
    15 00000002 A0 00000008                         MOV   AL,[ESP+8]
      >> [ERROR #012] expression error.
    16 00000007 A2 00000000                         MOV   [ECX],AL
      >> [ERROR #012] expression error.
    17 0000000C C3                                  RET
